[2026-02-06 14:54:54] ==========================================
[2026-02-06 14:54:54] GenHOI HuggingFace 上传脚本
[2026-02-06 14:54:54] ==========================================
[2026-02-06 14:54:54] 数据仓库: XuanHuang0/GenHOI-data
[2026-02-06 14:54:54] 模型仓库: XuanHuang0/GenHOI
[2026-02-06 14:54:54] 本地路径: /root/paddlejob/workspace/huangxuan/GenHOI
[2026-02-06 14:54:54] ==========================================
[2026-02-06 14:54:54] 检查 HuggingFace 登录状态...
[2026-02-06 14:54:55] ✅ 已登录 HuggingFace
[2026-02-06 14:54:55] 初始化 git-lfs...
[2026-02-06 14:54:55] ✅ git-lfs 已初始化
[2026-02-06 14:54:55] 创建 HuggingFace 仓库（如果不存在）...
[2026-02-06 14:54:56] 数据仓库已存在
[2026-02-06 14:54:58] 模型仓库已存在
[2026-02-06 14:54:58] ✅ 仓库检查完成
[2026-02-06 14:54:58] 
[2026-02-06 14:54:58] ==========================================
[2026-02-06 14:54:58] 第一部分: 上传到数据仓库 (XuanHuang0/GenHOI-data)
[2026-02-06 14:54:58] ==========================================
[2026-02-06 14:54:58] 
[2026-02-06 14:54:58] --- [1/4] 上传 demo 数据 (~241MB) ---
[2026-02-06 14:54:58] 上传目录: /root/paddlejob/workspace/huangxuan/GenHOI/demo -> demo
